/usr/local/lib/python3.12/dist-packages/torch/cuda/__init__.py:63: FutureWarning: The pynvml package is deprecated. Please install nvidia-ml-py instead. If you did not install pynvml directly, please report this to the maintainers of the package that installed pynvml for you.
  import pynvml  # type: ignore[import]
W1126 19:16:06.963000 48353 torch/distributed/run.py:774] 
W1126 19:16:06.963000 48353 torch/distributed/run.py:774] *****************************************
W1126 19:16:06.963000 48353 torch/distributed/run.py:774] Setting OMP_NUM_THREADS environment variable for each process to be 1 in default, to avoid your system being overloaded, please further tune the variable for optimal performance in your application as needed. 
W1126 19:16:06.963000 48353 torch/distributed/run.py:774] *****************************************
/usr/local/lib/python3.12/dist-packages/torch/cuda/__init__.py:63: FutureWarning: The pynvml package is deprecated. Please install nvidia-ml-py instead. If you did not install pynvml directly, please report this to the maintainers of the package that installed pynvml for you.
  import pynvml  # type: ignore[import]
/usr/local/lib/python3.12/dist-packages/torch/cuda/__init__.py:63: FutureWarning: The pynvml package is deprecated. Please install nvidia-ml-py instead. If you did not install pynvml directly, please report this to the maintainers of the package that installed pynvml for you.
  import pynvml  # type: ignore[import]
/usr/local/lib/python3.12/dist-packages/torch/cuda/__init__.py:63: FutureWarning: The pynvml package is deprecated. Please install nvidia-ml-py instead. If you did not install pynvml directly, please report this to the maintainers of the package that installed pynvml for you.
  import pynvml  # type: ignore[import]
/usr/local/lib/python3.12/dist-packages/torch/cuda/__init__.py:63: FutureWarning: The pynvml package is deprecated. Please install nvidia-ml-py instead. If you did not install pynvml directly, please report this to the maintainers of the package that installed pynvml for you.
  import pynvml  # type: ignore[import]
/usr/local/lib/python3.12/dist-packages/torch/cuda/__init__.py:63: FutureWarning: The pynvml package is deprecated. Please install nvidia-ml-py instead. If you did not install pynvml directly, please report this to the maintainers of the package that installed pynvml for you.
  import pynvml  # type: ignore[import]
/usr/local/lib/python3.12/dist-packages/torch/cuda/__init__.py:63: FutureWarning: The pynvml package is deprecated. Please install nvidia-ml-py instead. If you did not install pynvml directly, please report this to the maintainers of the package that installed pynvml for you.
  import pynvml  # type: ignore[import]
/usr/local/lib/python3.12/dist-packages/torch/cuda/__init__.py:63: FutureWarning: The pynvml package is deprecated. Please install nvidia-ml-py instead. If you did not install pynvml directly, please report this to the maintainers of the package that installed pynvml for you.
  import pynvml  # type: ignore[import]
/usr/local/lib/python3.12/dist-packages/torch/cuda/__init__.py:63: FutureWarning: The pynvml package is deprecated. Please install nvidia-ml-py instead. If you did not install pynvml directly, please report this to the maintainers of the package that installed pynvml for you.
  import pynvml  # type: ignore[import]
================================================================================
DISTRIBUTED FASTER GRID SEARCH
================================================================================
World size: 8 GPUs
Fixed: batch_size=16, perturbations=8 (1 per GPU)
Testing 11 max_tokens values
Output: losses_fast_dist.csv
================================================================================


[1/11] MAX_TOKENS=10
--------------------------------------------------------------------------------
    LR=0.251189 (max_time=60.0s)... wandb: Currently logged in as: stopthrowingrocks (stopthrowingrocks-stanford-university) to https://api.wandb.ai. Use `wandb login --relogin` to force relogin
wandb: WARNING Using a boolean value for 'reinit' is deprecated. Use 'return_previous' or 'finish_previous' instead.
wandb: Tracking run with wandb version 0.23.0
wandb: Run data is saved locally in /workspace/zero_order_rnn/wandb/run-20251126_191614-m8ybe5w0
wandb: Run `wandb offline` to turn off syncing.
wandb: Syncing run fast_dist_batch_16_pert_8_gpus_8_lr_0.251189_vocab_64_min_5_max_10
wandb: ⭐️ View project at https://wandb.ai/stopthrowingrocks-stanford-university/zero_order_rnn
wandb: 🚀 View run at https://wandb.ai/stopthrowingrocks-stanford-university/zero_order_rnn/runs/m8ybe5w0
[rank5]:[E1126 19:26:15.440823270 ProcessGroupNCCL.cpp:685] [Rank 5] Watchdog caught collective operation timeout: WorkNCCL(SeqNum=1, OpType=BROADCAST, NumelIn=65536, NumelOut=65536, Timeout(ms)=600000) ran for 600004 milliseconds before timing out.
[rank2]:[E1126 19:26:15.443302589 ProcessGroupNCCL.cpp:685] [Rank 2] Watchdog caught collective operation timeout: WorkNCCL(SeqNum=1, OpType=BROADCAST, NumelIn=65536, NumelOut=65536, Timeout(ms)=600000) ran for 600006 milliseconds before timing out.
[rank5]:[E1126 19:26:15.444150192 ProcessGroupNCCL.cpp:2252] [PG ID 0 PG GUID 0(default_pg) Rank 5]  failure detected by watchdog at work sequence id: 1 PG status: last enqueued work: 9, last completed work: -1
[rank2]:[E1126 19:26:15.444395138 ProcessGroupNCCL.cpp:2252] [PG ID 0 PG GUID 0(default_pg) Rank 2]  failure detected by watchdog at work sequence id: 1 PG status: last enqueued work: 9, last completed work: -1
[rank5]:[E1126 19:26:15.444487335 ProcessGroupNCCL.cpp:732] Stack trace of the failed collective not found, potentially because FlightRecorder is disabled. You can enable it by setting TORCH_NCCL_TRACE_BUFFER_SIZE to a non-zero value.
[rank2]:[E1126 19:26:15.444762008 ProcessGroupNCCL.cpp:732] Stack trace of the failed collective not found, potentially because FlightRecorder is disabled. You can enable it by setting TORCH_NCCL_TRACE_BUFFER_SIZE to a non-zero value.
[rank5]:[E1126 19:26:15.444990673 ProcessGroupNCCL.cpp:2584] [PG ID 0 PG GUID 0(default_pg) Rank 5] First PG on this rank to signal dumping.
[rank2]:[E1126 19:26:15.445204320 ProcessGroupNCCL.cpp:2584] [PG ID 0 PG GUID 0(default_pg) Rank 2] First PG on this rank to signal dumping.
[rank6]:[E1126 19:26:15.449048062 ProcessGroupNCCL.cpp:685] [Rank 6] Watchdog caught collective operation timeout: WorkNCCL(SeqNum=1, OpType=BROADCAST, NumelIn=65536, NumelOut=65536, Timeout(ms)=600000) ran for 600011 milliseconds before timing out.
[rank6]:[E1126 19:26:15.449886530 ProcessGroupNCCL.cpp:2252] [PG ID 0 PG GUID 0(default_pg) Rank 6]  failure detected by watchdog at work sequence id: 1 PG status: last enqueued work: 9, last completed work: -1
[rank6]:[E1126 19:26:15.449993850 ProcessGroupNCCL.cpp:732] Stack trace of the failed collective not found, potentially because FlightRecorder is disabled. You can enable it by setting TORCH_NCCL_TRACE_BUFFER_SIZE to a non-zero value.
[rank6]:[E1126 19:26:15.450271847 ProcessGroupNCCL.cpp:2584] [PG ID 0 PG GUID 0(default_pg) Rank 6] First PG on this rank to signal dumping.
[rank7]:[E1126 19:26:15.466350603 ProcessGroupNCCL.cpp:685] [Rank 7] Watchdog caught collective operation timeout: WorkNCCL(SeqNum=1, OpType=BROADCAST, NumelIn=65536, NumelOut=65536, Timeout(ms)=600000) ran for 600032 milliseconds before timing out.
[rank7]:[E1126 19:26:15.467329216 ProcessGroupNCCL.cpp:2252] [PG ID 0 PG GUID 0(default_pg) Rank 7]  failure detected by watchdog at work sequence id: 1 PG status: last enqueued work: 9, last completed work: -1
[rank7]:[E1126 19:26:15.467594505 ProcessGroupNCCL.cpp:732] Stack trace of the failed collective not found, potentially because FlightRecorder is disabled. You can enable it by setting TORCH_NCCL_TRACE_BUFFER_SIZE to a non-zero value.
[rank7]:[E1126 19:26:15.467983698 ProcessGroupNCCL.cpp:2584] [PG ID 0 PG GUID 0(default_pg) Rank 7] First PG on this rank to signal dumping.
[rank3]:[E1126 19:26:15.500704388 ProcessGroupNCCL.cpp:685] [Rank 3] Watchdog caught collective operation timeout: WorkNCCL(SeqNum=1, OpType=BROADCAST, NumelIn=65536, NumelOut=65536, Timeout(ms)=600000) ran for 600067 milliseconds before timing out.
[rank3]:[E1126 19:26:15.501617257 ProcessGroupNCCL.cpp:2252] [PG ID 0 PG GUID 0(default_pg) Rank 3]  failure detected by watchdog at work sequence id: 1 PG status: last enqueued work: 9, last completed work: -1
[rank3]:[E1126 19:26:15.501959637 ProcessGroupNCCL.cpp:732] Stack trace of the failed collective not found, potentially because FlightRecorder is disabled. You can enable it by setting TORCH_NCCL_TRACE_BUFFER_SIZE to a non-zero value.
[rank3]:[E1126 19:26:15.502388130 ProcessGroupNCCL.cpp:2584] [PG ID 0 PG GUID 0(default_pg) Rank 3] First PG on this rank to signal dumping.
[rank1]:[E1126 19:26:15.535626185 ProcessGroupNCCL.cpp:685] [Rank 1] Watchdog caught collective operation timeout: WorkNCCL(SeqNum=1, OpType=BROADCAST, NumelIn=65536, NumelOut=65536, Timeout(ms)=600000) ran for 600099 milliseconds before timing out.
[rank1]:[E1126 19:26:15.536939566 ProcessGroupNCCL.cpp:2252] [PG ID 0 PG GUID 0(default_pg) Rank 1]  failure detected by watchdog at work sequence id: 1 PG status: last enqueued work: 9, last completed work: -1
[rank1]:[E1126 19:26:15.537223782 ProcessGroupNCCL.cpp:732] Stack trace of the failed collective not found, potentially because FlightRecorder is disabled. You can enable it by setting TORCH_NCCL_TRACE_BUFFER_SIZE to a non-zero value.
[rank1]:[E1126 19:26:15.537652153 ProcessGroupNCCL.cpp:2584] [PG ID 0 PG GUID 0(default_pg) Rank 1] First PG on this rank to signal dumping.
[rank4]:[E1126 19:26:15.544988541 ProcessGroupNCCL.cpp:685] [Rank 4] Watchdog caught collective operation timeout: WorkNCCL(SeqNum=1, OpType=BROADCAST, NumelIn=65536, NumelOut=65536, Timeout(ms)=600000) ran for 600089 milliseconds before timing out.
[rank4]:[E1126 19:26:15.545830413 ProcessGroupNCCL.cpp:2252] [PG ID 0 PG GUID 0(default_pg) Rank 4]  failure detected by watchdog at work sequence id: 1 PG status: last enqueued work: 9, last completed work: -1
[rank4]:[E1126 19:26:15.545941888 ProcessGroupNCCL.cpp:732] Stack trace of the failed collective not found, potentially because FlightRecorder is disabled. You can enable it by setting TORCH_NCCL_TRACE_BUFFER_SIZE to a non-zero value.
[rank4]:[E1126 19:26:15.546157738 ProcessGroupNCCL.cpp:2584] [PG ID 0 PG GUID 0(default_pg) Rank 4] First PG on this rank to signal dumping.
[rank0]:[E1126 19:26:16.072603027 ProcessGroupNCCL.cpp:1806] [PG ID 0 PG GUID 0(default_pg) Rank 0] Observed flight recorder dump signal from another rank via TCPStore.
[rank0]:[E1126 19:26:16.073236255 ProcessGroupNCCL.cpp:1870] [PG ID 0 PG GUID 0(default_pg) Rank 0] Received a dump signal due to a collective timeout from  rank 4 and we will try our best to dump the debug info. Last enqueued NCCL work: 9, last completed NCCL work: 8.This is most likely caused by incorrect usages of collectives, e.g., wrong sizes used across ranks, the order of collectives is not same for all ranks or the scheduled collective, for some reason, didn't run. Additionally, this can be caused by GIL deadlock or other reasons such as network errors or bugs in the communications library (e.g. NCCL), etc. 
[rank0]:[E1126 19:26:16.074386679 ProcessGroupNCCL.cpp:1589] [PG ID 0 PG GUID 0(default_pg) Rank 0] ProcessGroupNCCL preparing to dump debug info. Include stack trace: 1
[rank0]:[E1126 19:26:16.250298798 ProcessGroupNCCL.cpp:685] [Rank 0] Watchdog caught collective operation timeout: WorkNCCL(SeqNum=9, OpType=BROADCAST, NumelIn=8, NumelOut=8, Timeout(ms)=600000) ran for 600056 milliseconds before timing out.
[rank0]:[E1126 19:26:16.251174722 ProcessGroupNCCL.cpp:2252] [PG ID 0 PG GUID 0(default_pg) Rank 0]  failure detected by watchdog at work sequence id: 9 PG status: last enqueued work: 9, last completed work: 8
[rank0]:[E1126 19:26:16.251437029 ProcessGroupNCCL.cpp:732] Stack trace of the failed collective not found, potentially because FlightRecorder is disabled. You can enable it by setting TORCH_NCCL_TRACE_BUFFER_SIZE to a non-zero value.
[rank5]:[E1126 19:26:16.317185388 ProcessGroupNCCL.cpp:1870] [PG ID 0 PG GUID 0(default_pg) Rank 5] Received a dump signal due to a collective timeout from this local rank and we will try our best to dump the debug info. Last enqueued NCCL work: 9, last completed NCCL work: -1.This is most likely caused by incorrect usages of collectives, e.g., wrong sizes used across ranks, the order of collectives is not same for all ranks or the scheduled collective, for some reason, didn't run. Additionally, this can be caused by GIL deadlock or other reasons such as network errors or bugs in the communications library (e.g. NCCL), etc. 
[rank2]:[E1126 19:26:16.317306575 ProcessGroupNCCL.cpp:1870] [PG ID 0 PG GUID 0(default_pg) Rank 2] Received a dump signal due to a collective timeout from this local rank and we will try our best to dump the debug info. Last enqueued NCCL work: 9, last completed NCCL work: -1.This is most likely caused by incorrect usages of collectives, e.g., wrong sizes used across ranks, the order of collectives is not same for all ranks or the scheduled collective, for some reason, didn't run. Additionally, this can be caused by GIL deadlock or other reasons such as network errors or bugs in the communications library (e.g. NCCL), etc. 
[rank1]:[E1126 19:26:16.317332325 ProcessGroupNCCL.cpp:1870] [PG ID 0 PG GUID 0(default_pg) Rank 1] Received a dump signal due to a collective timeout from this local rank and we will try our best to dump the debug info. Last enqueued NCCL work: 9, last completed NCCL work: -1.This is most likely caused by incorrect usages of collectives, e.g., wrong sizes used across ranks, the order of collectives is not same for all ranks or the scheduled collective, for some reason, didn't run. Additionally, this can be caused by GIL deadlock or other reasons such as network errors or bugs in the communications library (e.g. NCCL), etc. 
[rank7]:[E1126 19:26:16.317374831 ProcessGroupNCCL.cpp:1870] [PG ID 0 PG GUID 0(default_pg) Rank 7] Received a dump signal due to a collective timeout from this local rank and we will try our best to dump the debug info. Last enqueued NCCL work: 9, last completed NCCL work: -1.This is most likely caused by incorrect usages of collectives, e.g., wrong sizes used across ranks, the order of collectives is not same for all ranks or the scheduled collective, for some reason, didn't run. Additionally, this can be caused by GIL deadlock or other reasons such as network errors or bugs in the communications library (e.g. NCCL), etc. 
[rank4]:[E1126 19:26:16.317378965 ProcessGroupNCCL.cpp:1870] [PG ID 0 PG GUID 0(default_pg) Rank 4] Received a dump signal due to a collective timeout from this local rank and we will try our best to dump the debug info. Last enqueued NCCL work: 9, last completed NCCL work: -1.This is most likely caused by incorrect usages of collectives, e.g., wrong sizes used across ranks, the order of collectives is not same for all ranks or the scheduled collective, for some reason, didn't run. Additionally, this can be caused by GIL deadlock or other reasons such as network errors or bugs in the communications library (e.g. NCCL), etc. 
[rank6]:[E1126 19:26:16.317378974 ProcessGroupNCCL.cpp:1870] [PG ID 0 PG GUID 0(default_pg) Rank 6] Received a dump signal due to a collective timeout from this local rank and we will try our best to dump the debug info. Last enqueued NCCL work: 9, last completed NCCL work: -1.This is most likely caused by incorrect usages of collectives, e.g., wrong sizes used across ranks, the order of collectives is not same for all ranks or the scheduled collective, for some reason, didn't run. Additionally, this can be caused by GIL deadlock or other reasons such as network errors or bugs in the communications library (e.g. NCCL), etc. 
[rank3]:[E1126 19:26:16.317444868 ProcessGroupNCCL.cpp:1870] [PG ID 0 PG GUID 0(default_pg) Rank 3] Received a dump signal due to a collective timeout from this local rank and we will try our best to dump the debug info. Last enqueued NCCL work: 9, last completed NCCL work: -1.This is most likely caused by incorrect usages of collectives, e.g., wrong sizes used across ranks, the order of collectives is not same for all ranks or the scheduled collective, for some reason, didn't run. Additionally, this can be caused by GIL deadlock or other reasons such as network errors or bugs in the communications library (e.g. NCCL), etc. 
[rank5]:[E1126 19:26:16.318108535 ProcessGroupNCCL.cpp:1589] [PG ID 0 PG GUID 0(default_pg) Rank 5] ProcessGroupNCCL preparing to dump debug info. Include stack trace: 1
[rank2]:[E1126 19:26:16.318396804 ProcessGroupNCCL.cpp:1589] [PG ID 0 PG GUID 0(default_pg) Rank 2] ProcessGroupNCCL preparing to dump debug info. Include stack trace: 1
[rank1]:[E1126 19:26:16.318661433 ProcessGroupNCCL.cpp:1589] [PG ID 0 PG GUID 0(default_pg) Rank 1] ProcessGroupNCCL preparing to dump debug info. Include stack trace: 1
[rank7]:[E1126 19:26:16.318691593 ProcessGroupNCCL.cpp:1589] [PG ID 0 PG GUID 0(default_pg) Rank 7] ProcessGroupNCCL preparing to dump debug info. Include stack trace: 1
[rank4]:[E1126 19:26:16.319043520 ProcessGroupNCCL.cpp:1589] [PG ID 0 PG GUID 0(default_pg) Rank 4] ProcessGroupNCCL preparing to dump debug info. Include stack trace: 1
[rank6]:[E1126 19:26:16.319222470 ProcessGroupNCCL.cpp:1589] [PG ID 0 PG GUID 0(default_pg) Rank 6] ProcessGroupNCCL preparing to dump debug info. Include stack trace: 1
[rank3]:[E1126 19:26:16.319296827 ProcessGroupNCCL.cpp:1589] [PG ID 0 PG GUID 0(default_pg) Rank 3] ProcessGroupNCCL preparing to dump debug info. Include stack trace: 1
[rank6]:[E1126 19:27:16.023276973 ProcessGroupNCCL.cpp:746] [Rank 6] Some NCCL operations have failed or timed out. Due to the asynchronous nature of CUDA kernels, subsequent GPU operations might run on corrupted/incomplete data.
[rank6]:[E1126 19:27:16.024017483 ProcessGroupNCCL.cpp:760] [Rank 6] To avoid data inconsistency, we are taking the entire process down.
[rank6]:[E1126 19:27:16.026244216 ProcessGroupNCCL.cpp:2068] [PG ID 0 PG GUID 0(default_pg) Rank 6] Process group watchdog thread terminated with exception: [Rank 6] Watchdog caught collective operation timeout: WorkNCCL(SeqNum=1, OpType=BROADCAST, NumelIn=65536, NumelOut=65536, Timeout(ms)=600000) ran for 600011 milliseconds before timing out.
Exception raised from checkTimeout at /pytorch/torch/csrc/distributed/c10d/ProcessGroupNCCL.cpp:688 (most recent call first):
frame #0: c10::Error::Error(c10::SourceLocation, std::__cxx11::basic_string<char, std::char_traits<char>, std::allocator<char> >) + 0x80 (0x7b3ad537eeb0 in /usr/local/lib/python3.12/dist-packages/torch/lib/libc10.so)
frame #1: c10d::ProcessGroupNCCL::WorkNCCL::checkTimeout(std::optional<std::chrono::duration<long, std::ratio<1l, 1000l> > >) + 0x247 (0x7b3a780d4147 in /usr/local/lib/python3.12/dist-packages/torch/lib/libtorch_cuda.so)
frame #2: c10d::ProcessGroupNCCL::Watchdog::runLoop() + 0x1591 (0x7b3a780d7b61 in /usr/local/lib/python3.12/dist-packages/torch/lib/libtorch_cuda.so)
frame #3: c10d::ProcessGroupNCCL::Watchdog::run() + 0xd2 (0x7b3a780d8ec2 in /usr/local/lib/python3.12/dist-packages/torch/lib/libtorch_cuda.so)
frame #4: <unknown function> + 0xecdb4 (0x7b3ad62f8db4 in /usr/lib/x86_64-linux-gnu/libstdc++.so.6)
frame #5: <unknown function> + 0x9caa4 (0x7b3ad89cfaa4 in /usr/lib/x86_64-linux-gnu/libc.so.6)
frame #6: __clone + 0x44 (0x7b3ad8a5ca64 in /usr/lib/x86_64-linux-gnu/libc.so.6)

terminate called after throwing an instance of 'c10::DistBackendError'
  what():  [PG ID 0 PG GUID 0(default_pg) Rank 6] Process group watchdog thread terminated with exception: [Rank 6] Watchdog caught collective operation timeout: WorkNCCL(SeqNum=1, OpType=BROADCAST, NumelIn=65536, NumelOut=65536, Timeout(ms)=600000) ran for 600011 milliseconds before timing out.
Exception raised from checkTimeout at /pytorch/torch/csrc/distributed/c10d/ProcessGroupNCCL.cpp:688 (most recent call first):
frame #0: c10::Error::Error(c10::SourceLocation, std::__cxx11::basic_string<char, std::char_traits<char>, std::allocator<char> >) + 0x80 (0x7b3ad537eeb0 in /usr/local/lib/python3.12/dist-packages/torch/lib/libc10.so)
frame #1: c10d::ProcessGroupNCCL::WorkNCCL::checkTimeout(std::optional<std::chrono::duration<long, std::ratio<1l, 1000l> > >) + 0x247 (0x7b3a780d4147 in /usr/local/lib/python3.12/dist-packages/torch/lib/libtorch_cuda.so)
frame #2: c10d::ProcessGroupNCCL::Watchdog::runLoop() + 0x1591 (0x7b3a780d7b61 in /usr/local/lib/python3.12/dist-packages/torch/lib/libtorch_cuda.so)
frame #3: c10d::ProcessGroupNCCL::Watchdog::run() + 0xd2 (0x7b3a780d8ec2 in /usr/local/lib/python3.12/dist-packages/torch/lib/libtorch_cuda.so)
frame #4: <unknown function> + 0xecdb4 (0x7b3ad62f8db4 in /usr/lib/x86_64-linux-gnu/libstdc++.so.6)
frame #5: <unknown function> + 0x9caa4 (0x7b3ad89cfaa4 in /usr/lib/x86_64-linux-gnu/libc.so.6)
frame #6: __clone + 0x44 (0x7b3ad8a5ca64 in /usr/lib/x86_64-linux-gnu/libc.so.6)

Exception raised from run at /pytorch/torch/csrc/distributed/c10d/ProcessGroupNCCL.cpp:2074 (most recent call first):
frame #0: c10::Error::Error(c10::SourceLocation, std::__cxx11::basic_string<char, std::char_traits<char>, std::allocator<char> >) + 0x80 (0x7b3ad537eeb0 in /usr/local/lib/python3.12/dist-packages/torch/lib/libc10.so)
frame #1: <unknown function> + 0xe1c1a1 (0x7b3a780b01a1 in /usr/local/lib/python3.12/dist-packages/torch/lib/libtorch_cuda.so)
frame #2: <unknown function> + 0x9468e6 (0x7b3a77bda8e6 in /usr/local/lib/python3.12/dist-packages/torch/lib/libtorch_cuda.so)
frame #3: <unknown function> + 0xecdb4 (0x7b3ad62f8db4 in /usr/lib/x86_64-linux-gnu/libstdc++.so.6)
frame #4: <unknown function> + 0x9caa4 (0x7b3ad89cfaa4 in /usr/lib/x86_64-linux-gnu/libc.so.6)
frame #5: __clone + 0x44 (0x7b3ad8a5ca64 in /usr/lib/x86_64-linux-gnu/libc.so.6)

[rank2]:[E1126 19:27:16.028830832 ProcessGroupNCCL.cpp:746] [Rank 2] Some NCCL operations have failed or timed out. Due to the asynchronous nature of CUDA kernels, subsequent GPU operations might run on corrupted/incomplete data.
[rank2]:[E1126 19:27:16.028939979 ProcessGroupNCCL.cpp:760] [Rank 2] To avoid data inconsistency, we are taking the entire process down.
[rank2]:[E1126 19:27:16.032585269 ProcessGroupNCCL.cpp:2068] [PG ID 0 PG GUID 0(default_pg) Rank 2] Process group watchdog thread terminated with exception: [Rank 2] Watchdog caught collective operation timeout: WorkNCCL(SeqNum=1, OpType=BROADCAST, NumelIn=65536, NumelOut=65536, Timeout(ms)=600000) ran for 600006 milliseconds before timing out.
Exception raised from checkTimeout at /pytorch/torch/csrc/distributed/c10d/ProcessGroupNCCL.cpp:688 (most recent call first):
frame #0: c10::Error::Error(c10::SourceLocation, std::__cxx11::basic_string<char, std::char_traits<char>, std::allocator<char> >) + 0x80 (0x7d479db7eeb0 in /usr/local/lib/python3.12/dist-packages/torch/lib/libc10.so)
frame #1: c10d::ProcessGroupNCCL::WorkNCCL::checkTimeout(std::optional<std::chrono::duration<long, std::ratio<1l, 1000l> > >) + 0x247 (0x7d47408d4147 in /usr/local/lib/python3.12/dist-packages/torch/lib/libtorch_cuda.so)
frame #2: c10d::ProcessGroupNCCL::Watchdog::runLoop() + 0x1591 (0x7d47408d7b61 in /usr/local/lib/python3.12/dist-packages/torch/lib/libtorch_cuda.so)
frame #3: c10d::ProcessGroupNCCL::Watchdog::run() + 0xd2 (0x7d47408d8ec2 in /usr/local/lib/python3.12/dist-packages/torch/lib/libtorch_cuda.so)
frame #4: <unknown function> + 0xecdb4 (0x7d479ebc8db4 in /usr/lib/x86_64-linux-gnu/libstdc++.so.6)
frame #5: <unknown function> + 0x9caa4 (0x7d47a129faa4 in /usr/lib/x86_64-linux-gnu/libc.so.6)
frame #6: __clone + 0x44 (0x7d47a132ca64 in /usr/lib/x86_64-linux-gnu/libc.so.6)

[rank1]:[E1126 19:27:16.032669828 ProcessGroupNCCL.cpp:746] [Rank 1] Some NCCL operations have failed or timed out. Due to the asynchronous nature of CUDA kernels, subsequent GPU operations might run on corrupted/incomplete data.
terminate called after throwing an instance of 'c10::DistBackendError[rank1]:[E1126 19:27:16.032771101 ProcessGroupNCCL.cpp:760] [Rank 1] To avoid data inconsistency, we are taking the entire process down.
'
[rank7]:[E1126 19:27:16.033787375 ProcessGroupNCCL.cpp:746] [Rank 7] Some NCCL operations have failed or timed out. Due to the asynchronous nature of CUDA kernels, subsequent GPU operations might run on corrupted/incomplete data.
[rank7]:[E1126 19:27:16.033894883 ProcessGroupNCCL.cpp:760] [Rank 7] To avoid data inconsistency, we are taking the entire process down.
[rank1]:[E1126 19:27:16.033962717 ProcessGroupNCCL.cpp:2068] [PG ID 0 PG GUID 0(default_pg) Rank 1] Process group watchdog thread terminated with exception: [Rank 1] Watchdog caught collective operation timeout: WorkNCCL(SeqNum=1, OpType=BROADCAST, NumelIn=65536, NumelOut=65536, Timeout(ms)=600000) ran for 600099 milliseconds before timing out.
Exception raised from checkTimeout at /pytorch/torch/csrc/distributed/c10d/ProcessGroupNCCL.cpp:688 (most recent call first):
frame #0: c10::Error::Error(c10::SourceLocation, std::__cxx11::basic_string<char, std::char_traits<char>, std::allocator<char> >) + 0x80 (0x75400227eeb0 in /usr/local/lib/python3.12/dist-packages/torch/lib/libc10.so)
frame #1: c10d::ProcessGroupNCCL::WorkNCCL::checkTimeout(std::optional<std::chrono::duration<long, std::ratio<1l, 1000l> > >) + 0x247 (0x753fa50d4147 in /usr/local/lib/python3.12/dist-packages/torch/lib/libtorch_cuda.so)
frame #2: c10d::ProcessGroupNCCL::Watchdog::runLoop() + 0x1591 (0x753fa50d7b61 in /usr/local/lib/python3.12/dist-packages/torch/lib/libtorch_cuda.so)
frame #3: c10d::ProcessGroupNCCL::Watchdog::run() + 0xd2 (0x753fa50d8ec2 in /usr/local/lib/python3.12/dist-packages/torch/lib/libtorch_cuda.so)
frame #4: <unknown function> + 0xecdb4 (0x7540031e1db4 in /usr/lib/x86_64-linux-gnu/libstdc++.so.6)
frame #5: <unknown function> + 0x9caa4 (0x7540058b8aa4 in /usr/lib/x86_64-linux-gnu/libc.so.6)
frame #6: __clone + 0x44 (0x754005945a64 in /usr/lib/x86_64-linux-gnu/libc.so.6)

terminate called after throwing an instance of 'c10::DistBackendError'
[rank5]:[E1126 19:27:16.034335212 ProcessGroupNCCL.cpp:746] [Rank 5] Some NCCL operations have failed or timed out. Due to the asynchronous nature of CUDA kernels, subsequent GPU operations might run on corrupted/incomplete data.
[rank5]:[E1126 19:27:16.034400833 ProcessGroupNCCL.cpp:760] [Rank 5] To avoid data inconsistency, we are taking the entire process down.
  what():  [PG ID 0 PG GUID 0(default_pg) Rank 1] Process group watchdog thread terminated with exception: [Rank 1] Watchdog caught collective operation timeout: WorkNCCL(SeqNum=1, OpType=BROADCAST, NumelIn=65536, NumelOut=65536, Timeout(ms)=600000) ran for 600099 milliseconds before timing out.
Exception raised from checkTimeout at /pytorch/torch/csrc/distributed/c10d/ProcessGroupNCCL.cpp:688 (most recent call first):
frame #0: c10::Error::Error(c10::SourceLocation, std::__cxx11::basic_string<char, std::char_traits<char>, std::allocator<char> >) + 0x80 (0x75400227eeb0 in /usr/local/lib/python3.12/dist-packages/torch/lib/libc10.so)
frame #1: c10d::ProcessGroupNCCL::WorkNCCL::checkTimeout(std::optional<std::chrono::duration<long, std::ratio<1l, 1000l> > >) + 0x247 (0x753fa50d4147 in /usr/local/lib/python3.12/dist-packages/torch/lib/libtorch_cuda.so)
frame #2: c10d::ProcessGroupNCCL::Watchdog::runLoop() + 0x1591 (0x753fa50d7b61 in /usr/local/lib/python3.12/dist-packages/torch/lib/libtorch_cuda.so)
frame #3: c10d::ProcessGroupNCCL::Watchdog::run() + 0xd2 (0x753fa50d8ec2 in /usr/local/lib/python3.12/dist-packages/torch/lib/libtorch_cuda.so)
frame #4: <unknown function> + 0xecdb4 (0x7540031e1db4 in /usr/lib/x86_64-linux-gnu/libstdc++.so.6)
frame #5: <unknown function> + 0x9caa4 (0x7540058b8aa4 in /usr/lib/x86_64-linux-gnu/libc.so.6)
frame #6: __clone + 0x44 (0x754005945a64 in /usr/lib/x86_64-linux-gnu/libc.so.6)

Exception raised from run at /pytorch/torch/csrc/distributed/c10d/ProcessGroupNCCL.cpp:2074 (most recent call first):
frame #0: c10::Error::Error(c10::SourceLocation, std::__cxx11::basic_string<char, std::char_traits<char>, std::allocator<char> >) + 0x80 (0x75400227eeb0 in /usr/local/lib/python3.12/dist-packages/torch/lib/libc10.so)
frame #1: <unknown function> + 0xe1c1a1 (0x753fa50b01a1 in /usr/local/lib/python3.12/dist-packages/torch/lib/libtorch_cuda.so)
frame #2: <unknown function> + 0x9468e6 (0x753fa4bda8e6 in /usr/local/lib/python3.12/dist-packages/torch/lib/libtorch_cuda.so)
frame #3: <unknown function> + 0xecdb4 (0x7540031e1db4 in /usr/lib/x86_64-linux-gnu/libstdc++.so.6)
frame #4: <unknown function> + 0x9caa4 (0x7540058b8aa4 in /usr/lib/x86_64-linux-gnu/libc.so.6)
frame #5: __clone + 0x44 (0x754005945a64 in /usr/lib/x86_64-linux-gnu/libc.so.6)

  what():  [PG ID 0 PG GUID 0(default_pg) Rank 2] Process group watchdog thread terminated with exception: [Rank 2] Watchdog caught collective operation timeout: WorkNCCL(SeqNum=1, OpType=BROADCAST, NumelIn=65536, NumelOut=65536, Timeout(ms)=600000) ran for 600006 milliseconds before timing out.
Exception raised from checkTimeout at /pytorch/torch/csrc/distributed/c10d/ProcessGroupNCCL.cpp:688 (most recent call first):
frame #0: c10::Error::Error(c10::SourceLocation, std::__cxx11::basic_string<char, std::char_traits<char>, std::allocator<char> >) + 0x80 (0x7d479db7eeb0 in /usr/local/lib/python3.12/dist-packages/torch/lib/libc10.so)
frame #1: c10d::ProcessGroupNCCL::WorkNCCL::checkTimeout(std::optional<std::chrono::duration<long, std::ratio<1l, 1000l> > >) + 0x247 (0x7d47408d4147 in /usr/local/lib/python3.12/dist-packages/torch/lib/libtorch_cuda.so)
frame #2: c10d::ProcessGroupNCCL::Watchdog::runLoop() + 0x1591 (0x7d47408d7b61 in /usr/local/lib/python3.12/dist-packages/torch/lib/libtorch_cuda.so)
frame #3: c10d::ProcessGroupNCCL::Watchdog::run() + 0xd2 (0x7d47408d8ec2 in /usr/local/lib/python3.12/dist-packages/torch/lib/libtorch_cuda.so)
frame #4: <unknown function> + 0xecdb4 (0x7d479ebc8db4 in /usr/lib/x86_64-linux-gnu/libstdc++.so.6)
frame #5: <unknown function> + 0x9caa4 (0x7d47a129faa4 in /usr/lib/x86_64-linux-gnu/libc.so.6)
frame #6: __clone + 0x44 (0x7d47a132ca64 in /usr/lib/x86_64-linux-gnu/libc.so.6)

Exception raised from run at /pytorch/torch/csrc/distributed/c10d/ProcessGroupNCCL.cpp:2074 (most recent call first):
frame #0: c10::Error::Error(c10::SourceLocation, std::__cxx11::basic_string<char, std::char_traits<char>, std::allocator<char> >) + 0x80 (0x7d479db7eeb0 in /usr/local/lib/python3.12/dist-packages/torch/lib/libc10.so)
frame #1: <unknown function> + 0xe1c1a1 (0x7d47408b01a1 in /usr/local/lib/python3.12/dist-packages/torch/lib/libtorch_cuda.so)
frame #2: <unknown function> + 0x9468e6 (0x7d47403da8e6 in /usr/local/lib/python3.12/dist-packages/torch/lib/libtorch_cuda.so)
frame #3: <unknown function> + 0xecdb4 (0x7d479ebc8db4 in /usr/lib/x86_64-linux-gnu/libstdc++.so.6)
frame #4: <unknown function> + 0x9caa4 (0x7d47a129faa4 in /usr/lib/x86_64-linux-gnu/libc.so.6)
frame #5: __clone + 0x44 (0x7d47a132ca64 in /usr/lib/x86_64-linux-gnu/libc.so.6)
[rank5]:[E1126 19:27:16.035604712 ProcessGroupNCCL.cpp:2068] [PG ID 0 PG GUID 0(default_pg) Rank 5] Process group watchdog thread terminated with exception: [Rank 5] Watchdog caught collective operation timeout: WorkNCCL(SeqNum=1, OpType=BROADCAST, NumelIn=65536, NumelOut=65536, Timeout(ms)=600000) ran for 600004 milliseconds before timing out.
Exception raised from checkTimeout at /pytorch/torch/csrc/distributed/c10d/ProcessGroupNCCL.cpp:688 (most recent call first):
frame #0: c10::Error::Error(c10::SourceLocation, std::__cxx11::basic_string<char, std::char_traits<char>, std::allocator<char> >) + 0x80 (0x75ece16d9eb0 in /usr/local/lib/python3.12/dist-packages/torch/lib/libc10.so)
frame #1: c10d::ProcessGroupNCCL::WorkNCCL::checkTimeout(std::optional<std::chrono::duration<long, std::ratio<1l, 1000l> > >) + 0x247 (0x75ec844d4147 in /usr/local/lib/python3.12/dist-packages/torch/lib/libtorch_cuda.so)
frame #2: c10d::ProcessGroupNCCL::Watchdog::runLoop() + 0x1591 (0x75ec844d7b61 in /usr/local/lib/python3.12/dist-packages/torch/lib/libtorch_cuda.so)
frame #3: c10d::ProcessGroupNCCL::Watchdog::run() + 0xd2 (0x75ec844d8ec2 in /usr/local/lib/python3.12/dist-packages/torch/lib/libtorch_cuda.so)
frame #4: <unknown function> + 0xecdb4 (0x75ece2677db4 in /usr/lib/x86_64-linux-gnu/libstdc++.so.6)
frame #5: <unknown function> + 0x9caa4 (0x75ece4d4eaa4 in /usr/lib/x86_64-linux-gnu/libc.so.6)
frame #6: __clone + 0x44 (0x75ece4ddba64 in /usr/lib/x86_64-linux-gnu/libc.so.6)


terminate called after throwing an instance of 'c10::DistBackendError'
  what():  [PG ID 0 PG GUID 0(default_pg) Rank 5] Process group watchdog thread terminated with exception: [Rank 5] Watchdog caught collective operation timeout: WorkNCCL(SeqNum=1, OpType=BROADCAST, NumelIn=65536, NumelOut=65536, Timeout(ms)=600000) ran for 600004 milliseconds before timing out.
Exception raised from checkTimeout at /pytorch/torch/csrc/distributed/c10d/ProcessGroupNCCL.cpp:688 (most recent call first):
frame #0: c10::Error::Error(c10::SourceLocation, std::__cxx11::basic_string<char, std::char_traits<char>, std::allocator<char> >) + 0x80 (0x75ece16d9eb0 in /usr/local/lib/python3.12/dist-packages/torch/lib/libc10.so)
frame #1: c10d::ProcessGroupNCCL::WorkNCCL::checkTimeout(std::optional<std::chrono::duration<long, std::ratio<1l, 1000l> > >) + 0x247 (0x75ec844d4147 in /usr/local/lib/python3.12/dist-packages/torch/lib/libtorch_cuda.so)
frame #2: c10d::ProcessGroupNCCL::Watchdog::runLoop() + 0x1591 (0x75ec844d7b61 in /usr/local/lib/python3.12/dist-packages/torch/lib/libtorch_cuda.so)
frame #3: c10d::ProcessGroupNCCL::Watchdog::run() + 0xd2 (0x75ec844d8ec2 in /usr/local/lib/python3.12/dist-packages/torch/lib/libtorch_cuda.so)
frame #4: <unknown function> + 0xecdb4 (0x75ece2677db4 in /usr/lib/x86_64-linux-gnu/libstdc++.so.6)
frame #5: <unknown function> + 0x9caa4 (0x75ece4d4eaa4 in /usr/lib/x86_64-linux-gnu/libc.so.6)
frame #6: __clone + 0x44 (0x75ece4ddba64 in /usr/lib/x86_64-linux-gnu/libc.so.6)

Exception raised from run at /pytorch/torch/csrc/distributed/c10d/ProcessGroupNCCL.cpp:2074 (most recent call first):
frame #0: c10::Error::Error(c10::SourceLocation, std::__cxx11::basic_string<char, std::char_traits<char>, std::allocator<char> >) + 0x80 (0x75ece16d9eb0 in /usr/local/lib/python3.12/dist-packages/torch/lib/libc10.so)
frame #1: <unknown function> + 0xe1c1a1 (0x75ec844b01a1 in /usr/local/lib/python3.12/dist-packages/torch/lib/libtorch_cuda.so)
frame #2: <unknown function> + 0x9468e6 (0x75ec83fda8e6 in /usr/local/lib/python3.12/dist-packages/torch/lib/libtorch_cuda.so)
frame #3: <unknown function> + 0xecdb4 (0x75ece2677db4 in /usr/lib/x86_64-linux-gnu/libstdc++.so.6)
frame #4: <unknown function> + 0x9caa4 (0x75ece4d4eaa4 in /usr/lib/x86_64-linux-gnu/libc.so.6)
frame #5: __clone + 0x44 (0x75ece4ddba64 in /usr/lib/x86_64-linux-gnu/libc.so.6)

[rank7]:[E1126 19:27:16.036825858 ProcessGroupNCCL.cpp:2068] [PG ID 0 PG GUID 0(default_pg) Rank 7] Process group watchdog thread terminated with exception: [Rank 7] Watchdog caught collective operation timeout: WorkNCCL(SeqNum=1, OpType=BROADCAST, NumelIn=65536, NumelOut=65536, Timeout(ms)=600000) ran for 600032 milliseconds before timing out.
Exception raised from checkTimeout at /pytorch/torch/csrc/distributed/c10d/ProcessGroupNCCL.cpp:688 (most recent call first):
frame #0: c10::Error::Error(c10::SourceLocation, std::__cxx11::basic_string<char, std::char_traits<char>, std::allocator<char> >) + 0x80 (0x74d84bad9eb0 in /usr/local/lib/python3.12/dist-packages/torch/lib/libc10.so)
frame #1: c10d::ProcessGroupNCCL::WorkNCCL::checkTimeout(std::optional<std::chrono::duration<long, std::ratio<1l, 1000l> > >) + 0x247 (0x74d7ee8d4147 in /usr/local/lib/python3.12/dist-packages/torch/lib/libtorch_cuda.so)
frame #2: c10d::ProcessGroupNCCL::Watchdog::runLoop() + 0x1591 (0x74d7ee8d7b61 in /usr/local/lib/python3.12/dist-packages/torch/lib/libtorch_cuda.so)
frame #3: c10d::ProcessGroupNCCL::Watchdog::run() + 0xd2 (0x74d7ee8d8ec2 in /usr/local/lib/python3.12/dist-packages/torch/lib/libtorch_cuda.so)
frame #4: <unknown function> + 0xecdb4 (0x74d84cac1db4 in /usr/lib/x86_64-linux-gnu/libstdc++.so.6)
frame #5: <unknown function> + 0x9caa4 (0x74d84f198aa4 in /usr/lib/x86_64-linux-gnu/libc.so.6)
frame #6: __clone + 0x44 (0x74d84f225a64 in /usr/lib/x86_64-linux-gnu/libc.so.6)

terminate called after throwing an instance of 'c10::DistBackendError'
  what():  [PG ID 0 PG GUID 0(default_pg) Rank 7] Process group watchdog thread terminated with exception: [Rank 7] Watchdog caught collective operation timeout: WorkNCCL(SeqNum=1, OpType=BROADCAST, NumelIn=65536, NumelOut=65536, Timeout(ms)=600000) ran for 600032 milliseconds before timing out.
Exception raised from checkTimeout at /pytorch/torch/csrc/distributed/c10d/ProcessGroupNCCL.cpp:688 (most recent call first):
frame #0: c10::Error::Error(c10::SourceLocation, std::__cxx11::basic_string<char, std::char_traits<char>, std::allocator<char> >) + 0x80 (0x74d84bad9eb0 in /usr/local/lib/python3.12/dist-packages/torch/lib/libc10.so)
frame #1: c10d::ProcessGroupNCCL::WorkNCCL::checkTimeout(std::optional<std::chrono::duration<long, std::ratio<1l, 1000l> > >) + 0x247 (0x74d7ee8d4147 in /usr/local/lib/python3.12/dist-packages/torch/lib/libtorch_cuda.so)
frame #2: c10d::ProcessGroupNCCL::Watchdog::runLoop() + 0x1591 (0x74d7ee8d7b61 in /usr/local/lib/python3.12/dist-packages/torch/lib/libtorch_cuda.so)
frame #3: c10d::ProcessGroupNCCL::Watchdog::run() + 0xd2 (0x74d7ee8d8ec2 in /usr/local/lib/python3.12/dist-packages/torch/lib/libtorch_cuda.so)
frame #4: <unknown function> + 0xecdb4 (0x74d84cac1db4 in /usr/lib/x86_64-linux-gnu/libstdc++.so.6)
frame #5: <unknown function> + 0x9caa4 (0x74d84f198aa4 in /usr/lib/x86_64-linux-gnu/libc.so.6)
frame #6: __clone + 0x44 (0x74d84f225a64 in /usr/lib/x86_64-linux-gnu/libc.so.6)

Exception raised from run at /pytorch/torch/csrc/distributed/c10d/ProcessGroupNCCL.cpp:2074 (most recent call first):
frame #0: c10::Error::Error(c10::SourceLocation, std::__cxx11::basic_string<char, std::char_traits<char>, std::allocator<char> >) + 0x80 (0x74d84bad9eb0 in /usr/local/lib/python3.12/dist-packages/torch/lib/libc10.so)
frame #1: <unknown function> + 0xe1c1a1 (0x74d7ee8b01a1 in /usr/local/lib/python3.12/dist-packages/torch/lib/libtorch_cuda.so)
frame #2: <unknown function> + 0x9468e6 (0x74d7ee3da8e6 in /usr/local/lib/python3.12/dist-packages/torch/lib/libtorch_cuda.so)
frame #3: <unknown function> + 0xecdb4 (0x74d84cac1db4 in /usr/lib/x86_64-linux-gnu/libstdc++.so.6)
frame #4: <unknown function> + 0x9caa4 (0x74d84f198aa4 in /usr/lib/x86_64-linux-gnu/libc.so.6)
frame #5: __clone + 0x44 (0x74d84f225a64 in /usr/lib/x86_64-linux-gnu/libc.so.6)

[rank3]:[E1126 19:27:16.040058439 ProcessGroupNCCL.cpp:746] [Rank 3] Some NCCL operations have failed or timed out. Due to the asynchronous nature of CUDA kernels, subsequent GPU operations might run on corrupted/incomplete data.
[rank3]:[E1126 19:27:16.040157388 ProcessGroupNCCL.cpp:760] [Rank 3] To avoid data inconsistency, we are taking the entire process down.
[rank3]:[E1126 19:27:16.042430503 ProcessGroupNCCL.cpp:2068] [PG ID 0 PG GUID 0(default_pg) Rank 3] Process group watchdog thread terminated with exception: [Rank 3] Watchdog caught collective operation timeout: WorkNCCL(SeqNum=1, OpType=BROADCAST, NumelIn=65536, NumelOut=65536, Timeout(ms)=600000) ran for 600067 milliseconds before timing out.
Exception raised from checkTimeout at /pytorch/torch/csrc/distributed/c10d/ProcessGroupNCCL.cpp:688 (most recent call first):
frame #0: c10::Error::Error(c10::SourceLocation, std::__cxx11::basic_string<char, std::char_traits<char>, std::allocator<char> >) + 0x80 (0x72ba09d7eeb0 in /usr/local/lib/python3.12/dist-packages/torch/lib/libc10.so)
frame #1: c10d::ProcessGroupNCCL::WorkNCCL::checkTimeout(std::optional<std::chrono::duration<long, std::ratio<1l, 1000l> > >) + 0x247 (0x72b9acad4147 in /usr/local/lib/python3.12/dist-packages/torch/lib/libtorch_cuda.so)
frame #2: c10d::ProcessGroupNCCL::Watchdog::runLoop() + 0x1591 (0x72b9acad7b61 in /usr/local/lib/python3.12/dist-packages/torch/lib/libtorch_cuda.so)
frame #3: c10d::ProcessGroupNCCL::Watchdog::run() + 0xd2 (0x72b9acad8ec2 in /usr/local/lib/python3.12/dist-packages/torch/lib/libtorch_cuda.so)
frame #4: <unknown function> + 0xecdb4 (0x72ba0adb3db4 in /usr/lib/x86_64-linux-gnu/libstdc++.so.6)
frame #5: <unknown function> + 0x9caa4 (0x72ba0d48aaa4 in /usr/lib/x86_64-linux-gnu/libc.so.6)
frame #6: __clone + 0x44 (0x72ba0d517a64 in /usr/lib/x86_64-linux-gnu/libc.so.6)

terminate called after throwing an instance of 'c10::DistBackendError'
  what():  [PG ID 0 PG GUID 0(default_pg) Rank 3] Process group watchdog thread terminated with exception: [Rank 3] Watchdog caught collective operation timeout: WorkNCCL(SeqNum=1, OpType=BROADCAST, NumelIn=65536, NumelOut=65536, Timeout(ms)=600000) ran for 600067 milliseconds before timing out.
Exception raised from checkTimeout at /pytorch/torch/csrc/distributed/c10d/ProcessGroupNCCL.cpp:688 (most recent call first):
frame #0: c10::Error::Error(c10::SourceLocation, std::__cxx11::basic_string<char, std::char_traits<char>, std::allocator<char> >) + 0x80 (0x72ba09d7eeb0 in /usr/local/lib/python3.12/dist-packages/torch/lib/libc10.so)
frame #1: c10d::ProcessGroupNCCL::WorkNCCL::checkTimeout(std::optional<std::chrono::duration<long, std::ratio<1l, 1000l> > >) + 0x247 (0x72b9acad4147 in /usr/local/lib/python3.12/dist-packages/torch/lib/libtorch_cuda.so)
frame #2: c10d::ProcessGroupNCCL::Watchdog::runLoop() + 0x1591 (0x72b9acad7b61 in /usr/local/lib/python3.12/dist-packages/torch/lib/libtorch_cuda.so)
frame #3: c10d::ProcessGroupNCCL::Watchdog::run() + 0xd2 (0x72b9acad8ec2 in /usr/local/lib/python3.12/dist-packages/torch/lib/libtorch_cuda.so)
frame #4: <unknown function> + 0xecdb4 (0x72ba0adb3db4 in /usr/lib/x86_64-linux-gnu/libstdc++.so.6)
frame #5: <unknown function> + 0x9caa4 (0x72ba0d48aaa4 in /usr/lib/x86_64-linux-gnu/libc.so.6)
frame #6: __clone + 0x44 (0x72ba0d517a64 in /usr/lib/x86_64-linux-gnu/libc.so.6)

Exception raised from run at /pytorch/torch/csrc/distributed/c10d/ProcessGroupNCCL.cpp:2074 (most recent call first):
frame #0: c10::Error::Error(c10::SourceLocation, std::__cxx11::basic_string<char, std::char_traits<char>, std::allocator<char> >) + 0x80 (0x72ba09d7eeb0 in /usr/local/lib/python3.12/dist-packages/torch/lib/libc10.so)
frame #1: <unknown function> + 0xe1c1a1 (0x72b9acab01a1 in /usr/local/lib/python3.12/dist-packages/torch/lib/libtorch_cuda.so)
frame #2: <unknown function> + 0x9468e6 (0x72b9ac5da8e6 in /usr/local/lib/python3.12/dist-packages/torch/lib/libtorch_cuda.so)
frame #3: <unknown function> + 0xecdb4 (0x72ba0adb3db4 in /usr/lib/x86_64-linux-gnu/libstdc++.so.6)
frame #4: <unknown function> + 0x9caa4 (0x72ba0d48aaa4 in /usr/lib/x86_64-linux-gnu/libc.so.6)
frame #5: __clone + 0x44 (0x72ba0d517a64 in /usr/lib/x86_64-linux-gnu/libc.so.6)

[rank4]:[E1126 19:27:16.046578147 ProcessGroupNCCL.cpp:746] [Rank 4] Some NCCL operations have failed or timed out. Due to the asynchronous nature of CUDA kernels, subsequent GPU operations might run on corrupted/incomplete data.
[rank4]:[E1126 19:27:16.046687837 ProcessGroupNCCL.cpp:760] [Rank 4] To avoid data inconsistency, we are taking the entire process down.
[rank4]:[E1126 19:27:16.050283170 ProcessGroupNCCL.cpp:2068] [PG ID 0 PG GUID 0(default_pg) Rank 4] Process group watchdog thread terminated with exception: [Rank 4] Watchdog caught collective operation timeout: WorkNCCL(SeqNum=1, OpType=BROADCAST, NumelIn=65536, NumelOut=65536, Timeout(ms)=600000) ran for 600089 milliseconds before timing out.
Exception raised from checkTimeout at /pytorch/torch/csrc/distributed/c10d/ProcessGroupNCCL.cpp:688 (most recent call first):
frame #0: c10::Error::Error(c10::SourceLocation, std::__cxx11::basic_string<char, std::char_traits<char>, std::allocator<char> >) + 0x80 (0x7ce5666d9eb0 in /usr/local/lib/python3.12/dist-packages/torch/lib/libc10.so)
frame #1: c10d::ProcessGroupNCCL::WorkNCCL::checkTimeout(std::optional<std::chrono::duration<long, std::ratio<1l, 1000l> > >) + 0x247 (0x7ce5094d4147 in /usr/local/lib/python3.12/dist-packages/torch/lib/libtorch_cuda.so)
frame #2: c10d::ProcessGroupNCCL::Watchdog::runLoop() + 0x1591 (0x7ce5094d7b61 in /usr/local/lib/python3.12/dist-packages/torch/lib/libtorch_cuda.so)
frame #3: c10d::ProcessGroupNCCL::Watchdog::run() + 0xd2 (0x7ce5094d8ec2 in /usr/local/lib/python3.12/dist-packages/torch/lib/libtorch_cuda.so)
frame #4: <unknown function> + 0xecdb4 (0x7ce5676efdb4 in /usr/lib/x86_64-linux-gnu/libstdc++.so.6)
frame #5: <unknown function> + 0x9caa4 (0x7ce569dc6aa4 in /usr/lib/x86_64-linux-gnu/libc.so.6)
frame #6: __clone + 0x44 (0x7ce569e53a64 in /usr/lib/x86_64-linux-gnu/libc.so.6)

terminate called after throwing an instance of 'c10::DistBackendError'
  what():  [PG ID 0 PG GUID 0(default_pg) Rank 4] Process group watchdog thread terminated with exception: [Rank 4] Watchdog caught collective operation timeout: WorkNCCL(SeqNum=1, OpType=BROADCAST, NumelIn=65536, NumelOut=65536, Timeout(ms)=600000) ran for 600089 milliseconds before timing out.
Exception raised from checkTimeout at /pytorch/torch/csrc/distributed/c10d/ProcessGroupNCCL.cpp:688 (most recent call first):
frame #0: c10::Error::Error(c10::SourceLocation, std::__cxx11::basic_string<char, std::char_traits<char>, std::allocator<char> >) + 0x80 (0x7ce5666d9eb0 in /usr/local/lib/python3.12/dist-packages/torch/lib/libc10.so)
frame #1: c10d::ProcessGroupNCCL::WorkNCCL::checkTimeout(std::optional<std::chrono::duration<long, std::ratio<1l, 1000l> > >) + 0x247 (0x7ce5094d4147 in /usr/local/lib/python3.12/dist-packages/torch/lib/libtorch_cuda.so)
frame #2: c10d::ProcessGroupNCCL::Watchdog::runLoop() + 0x1591 (0x7ce5094d7b61 in /usr/local/lib/python3.12/dist-packages/torch/lib/libtorch_cuda.so)
frame #3: c10d::ProcessGroupNCCL::Watchdog::run() + 0xd2 (0x7ce5094d8ec2 in /usr/local/lib/python3.12/dist-packages/torch/lib/libtorch_cuda.so)
frame #4: <unknown function> + 0xecdb4 (0x7ce5676efdb4 in /usr/lib/x86_64-linux-gnu/libstdc++.so.6)
frame #5: <unknown function> + 0x9caa4 (0x7ce569dc6aa4 in /usr/lib/x86_64-linux-gnu/libc.so.6)
frame #6: __clone + 0x44 (0x7ce569e53a64 in /usr/lib/x86_64-linux-gnu/libc.so.6)

Exception raised from run at /pytorch/torch/csrc/distributed/c10d/ProcessGroupNCCL.cpp:2074 (most recent call first):
frame #0: c10::Error::Error(c10::SourceLocation, std::__cxx11::basic_string<char, std::char_traits<char>, std::allocator<char> >) + 0x80 (0x7ce5666d9eb0 in /usr/local/lib/python3.12/dist-packages/torch/lib/libc10.so)
frame #1: <unknown function> + 0xe1c1a1 (0x7ce5094b01a1 in /usr/local/lib/python3.12/dist-packages/torch/lib/libtorch_cuda.so)
frame #2: <unknown function> + 0x9468e6 (0x7ce508fda8e6 in /usr/local/lib/python3.12/dist-packages/torch/lib/libtorch_cuda.so)
frame #3: <unknown function> + 0xecdb4 (0x7ce5676efdb4 in /usr/lib/x86_64-linux-gnu/libstdc++.so.6)
frame #4: <unknown function> + 0x9caa4 (0x7ce569dc6aa4 in /usr/lib/x86_64-linux-gnu/libc.so.6)
frame #5: __clone + 0x44 (0x7ce569e53a64 in /usr/lib/x86_64-linux-gnu/libc.so.6)

W1126 19:27:16.468000 48353 torch/distributed/elastic/multiprocessing/api.py:900] Sending process 48418 closing signal SIGTERM
W1126 19:27:16.471000 48353 torch/distributed/elastic/multiprocessing/api.py:900] Sending process 48420 closing signal SIGTERM
W1126 19:27:16.473000 48353 torch/distributed/elastic/multiprocessing/api.py:900] Sending process 48421 closing signal SIGTERM
W1126 19:27:16.475000 48353 torch/distributed/elastic/multiprocessing/api.py:900] Sending process 48422 closing signal SIGTERM
W1126 19:27:16.476000 48353 torch/distributed/elastic/multiprocessing/api.py:900] Sending process 48423 closing signal SIGTERM
W1126 19:27:16.478000 48353 torch/distributed/elastic/multiprocessing/api.py:900] Sending process 48424 closing signal SIGTERM
W1126 19:27:16.479000 48353 torch/distributed/elastic/multiprocessing/api.py:900] Sending process 48425 closing signal SIGTERM
E1126 19:27:17.097000 48353 torch/distributed/elastic/multiprocessing/api.py:874] failed (exitcode: -6) local_rank: 1 (pid: 48419) of binary: /usr/local/bin/python
Traceback (most recent call last):
  File "/usr/local/bin/torchrun", line 7, in <module>
    sys.exit(main())
             ^^^^^^
  File "/usr/local/lib/python3.12/dist-packages/torch/distributed/elastic/multiprocessing/errors/__init__.py", line 357, in wrapper
    return f(*args, **kwargs)
           ^^^^^^^^^^^^^^^^^^
  File "/usr/local/lib/python3.12/dist-packages/torch/distributed/run.py", line 901, in main
    run(args)
  File "/usr/local/lib/python3.12/dist-packages/torch/distributed/run.py", line 892, in run
    elastic_launch(
  File "/usr/local/lib/python3.12/dist-packages/torch/distributed/launcher/api.py", line 143, in __call__
    return launch_agent(self._config, self._entrypoint, list(args))
           ^^^^^^^^^^^^^^^^^^^^^^^^^^^^^^^^^^^^^^^^^^^^^^^^^^^^^^^^
  File "/usr/local/lib/python3.12/dist-packages/torch/distributed/launcher/api.py", line 277, in launch_agent
    raise ChildFailedError(
torch.distributed.elastic.multiprocessing.errors.ChildFailedError: 
======================================================
faster_grid_search_dist.py FAILED
------------------------------------------------------
Failures:
  <NO_OTHER_FAILURES>
------------------------------------------------------
Root Cause (first observed failure):
[0]:
  time      : 2025-11-26_19:27:16
  host      : 50cc04b8d4f8
  rank      : 1 (local_rank: 1)
  exitcode  : -6 (pid: 48419)
  error_file: <N/A>
  traceback : Signal 6 (SIGABRT) received by PID 48419
======================================================
